You've hit your session limit · resets 5:40pm (America/Los_Angeles)
